
> floating-workspace@0.1.0 tauri
> tauri build

        Info Looking up installed tauri packages to check mismatched versions...
        Warn The bundle identifier "com.glassworkspace.app" set in `"tauri.conf.json" identifier` ends with `.app`. This is not recommended because it conflicts with the application bundle extension on macOS.
     Running beforeBuildCommand `npm run build`

> floating-workspace@0.1.0 build
> tsc && vite build

[36mvite v6.4.3 [32mbuilding for production...[36m[39m
transforming...
[32m✓[39m 12 modules transformed.
rendering chunks...
computing gzip size...
[2mdist/[22m[32mindex.html                 [39m[1m[2m 18.02 kB[22m[1m[22m[2m │ gzip:   4.23 kB[22m
[2mdist/[22m[35massets/index-BuX_1pDq.css  [39m[1m[2m 34.34 kB[22m[1m[22m[2m │ gzip:   7.59 kB[22m
[2mdist/[22m[36massets/index-CgXpE3Tk.js   [39m[1m[33m708.49 kB[39m[22m[2m │ gzip: 244.29 kB[22m
[33m
(!) Some chunks are larger than 500 kB after minification. Consider:
- Using dynamic import() to code-split the application
- Use build.rollupOptions.output.manualChunks to improve chunking: https://rollupjs.org/configuration-options/#output-manualchunks
- Adjust chunk size limit for this warning via build.chunkSizeWarningLimit.[39m
[32m✓ built in 439ms[39m
   Compiling proc-macro2 v1.0.107
   Compiling unicode-ident v1.0.24
   Compiling quote v1.0.47
   Compiling serde_core v1.0.229
   Compiling siphasher v1.0.3
   Compiling icu_properties_data v2.2.0
   Compiling icu_normalizer_data v2.2.0
   Compiling cfg-if v1.0.4
   Compiling fastrand v2.5.0
   Compiling stable_deref_trait v1.2.1
   Compiling windows-link v0.2.1
   Compiling zmij v1.0.23
   Compiling thiserror v2.0.19
   Compiling smallvec v1.15.2
   Compiling phf_shared v0.13.1
   Compiling parking_lot_core v0.9.12
   Compiling serde v1.0.229
   Compiling phf_generator v0.13.1
   Compiling autocfg v1.5.1
   Compiling typeid v1.0.3
   Compiling thiserror v1.0.69
   Compiling memchr v2.8.3
   Compiling time-core v0.1.9
   Compiling windows_x86_64_msvc v0.52.6
   Compiling num-conv v0.2.2
   Compiling phf_codegen v0.13.1
   Compiling erased-serde v0.4.10
   Compiling ident_case v1.0.1
   Compiling itoa v1.0.18
   Compiling find-msvc-tools v0.1.9
   Compiling litemap v0.8.2
   Compiling strsim v0.11.1
   Compiling shlex v2.0.1
   Compiling writeable v0.6.3
   Compiling windows-sys v0.61.2
   Compiling version_check v0.9.5
   Compiling utf8_iter v1.0.4
   Compiling libc v0.2.189
   Compiling anyhow v1.0.104
   Compiling scopeguard v1.2.0
   Compiling cc v1.4.0
   Compiling new_debug_unreachable v1.0.6
   Compiling lock_api v0.4.14
   Compiling syn v2.0.119
   Compiling syn v3.0.3
   Compiling string_cache_codegen v0.6.1
   Compiling precomputed-hash v0.1.1
   Compiling getrandom v0.4.3
   Compiling winnow v1.0.4
   Compiling serde_json v1.0.151
   Compiling parking_lot v0.12.5
   Compiling web_atoms v0.2.5
   Compiling toml_parser v1.1.3+spec-1.1.0
   Compiling toml_writer v1.1.2+spec-1.1.0
   Compiling ctor-proc-macro v0.0.7
   Compiling serde_spanned v1.1.1
   Compiling semver v1.0.28
   Compiling string_cache v0.9.0
   Compiling log v0.4.33
   Compiling percent-encoding v2.3.2
   Compiling dtoa v1.0.11
   Compiling uuid v1.24.0
   Compiling toml_datetime v1.1.1+spec-1.1.0
   Compiling dtoa-short v0.3.5
   Compiling form_urlencoded v1.2.2
   Compiling tendril v0.5.1
   Compiling selectors v0.36.1
   Compiling aho-corasick v1.1.5
   Compiling indexmap v1.9.3
   Compiling pin-project-lite v0.2.17
   Compiling byteorder v1.5.0
   Compiling regex-syntax v0.8.11
   Compiling camino v1.2.5
   Compiling unic-char-range v0.9.0
   Compiling alloc-no-stdlib v2.0.4
   Compiling unic-common v0.9.0
   Compiling bytes v1.12.1
   Compiling unic-ucd-version v0.9.0
   Compiling alloc-stdlib v0.2.4
   Compiling winapi-util v0.1.11
   Compiling unic-char-property v0.9.0
   Compiling toml v1.1.4+spec-1.1.0
   Compiling servo_arc v0.4.3
   Compiling fnv v1.0.7
   Compiling powerfmt v0.2.0
   Compiling rustc-hash v2.1.3
   Compiling bitflags v2.13.1
   Compiling schemars v0.8.22
   Compiling hashbrown v0.17.1
   Compiling serde_derive v1.0.229
   Compiling displaydoc v0.2.7
   Compiling thiserror-impl v2.0.19
   Compiling deranged v0.5.8
   Compiling bit-vec v0.8.0
   Compiling equivalent v1.0.2
   Compiling hashbrown v0.12.3
   Compiling bit-set v0.8.0
   Compiling regex-automata v0.4.18
   Compiling synstructure v0.13.2
   Compiling darling_core v0.23.0
   Compiling serde_derive_internals v0.29.1
   Compiling time v0.3.55
   Compiling indexmap v2.14.0
   Compiling cfb v0.7.3
   Compiling same-file v1.0.6
   Compiling unic-ucd-ident v0.9.0
   Compiling brotli-decompressor v5.0.3
   Compiling generic-array v0.14.7
   Compiling quick-xml v0.41.0
   Compiling base64 v0.22.1
   Compiling foldhash v0.2.0
   Compiling dyn-clone v1.0.20
   Compiling dunce v1.0.5
   Compiling serde-untagged v0.1.9
   Compiling infer v0.19.0
   Compiling brotli v8.0.4
   Compiling regex v1.13.1
   Compiling http v1.5.0
   Compiling zerofrom-derive v0.1.7
   Compiling yoke-derive v0.8.2
   Compiling zerovec-derive v0.11.3
   Compiling phf_macros v0.13.1
   Compiling thiserror-impl v1.0.69
   Compiling derive_more-impl v2.1.1
   Compiling cssparser-macros v0.6.1
   Compiling schemars_derive v0.8.22
   Compiling phf v0.13.1
   Compiling walkdir v2.5.0
   Compiling cargo-platform v0.1.9
   Compiling jsonptr v0.6.3
   Compiling cssparser v0.36.0
   Compiling zerofrom v0.1.8
   Compiling cargo_metadata v0.19.2
   Compiling derive_more v2.1.1
   Compiling yoke v0.8.3
   Compiling plist v1.10.0
   Compiling darling_macro v0.23.0
   Compiling ctor v0.8.0
   Compiling markup5ever v0.38.0
   Compiling json-patch v3.0.1
   Compiling glob v0.3.4
   Compiling zerovec v0.11.6
   Compiling zerotrie v0.2.4
   Compiling darling v0.23.0
   Compiling html5ever v0.38.0
   Compiling windows-link v0.1.3
   Compiling crc32fast v1.5.0
   Compiling serde_with_macros v3.21.0
   Compiling tinystr v0.8.3
   Compiling potential_utf v0.1.5
   Compiling icu_collections v2.2.0
   Compiling icu_locale_core v2.2.0
   Compiling vswhom-sys v0.1.3
   Compiling dom_query v0.27.0
   Compiling once_cell v1.21.4
   Compiling windows-targets v0.52.6
   Compiling windows-result v0.3.4
   Compiling windows-strings v0.4.2
   Compiling windows-implement v0.60.2
   Compiling windows-interface v0.59.3
   Compiling serde_with v3.21.0
   Compiling icu_provider v2.2.0
   Compiling crossbeam-utils v0.8.22
   Compiling icu_properties v2.2.0
   Compiling icu_normalizer v2.2.0
   Compiling windows-core v0.61.2
   Compiling windows-sys v0.59.0
   Compiling futures-core v0.3.33
   Compiling vswhom v0.1.0
   Compiling socket2 v0.6.5
   Compiling mio v1.2.2
   Compiling rustc_version v0.4.1
   Compiling toml_datetime v0.7.5+spec-1.1.0
   Compiling option-ext v0.2.0
   Compiling winnow v0.7.15
   Compiling dirs-sys v0.5.0
   Compiling idna_adapter v1.2.2
   Compiling tokio v1.53.1
   Compiling windows-threading v0.1.0
   Compiling idna v1.1.0
   Compiling heck v0.5.0
   Compiling futures-sink v0.3.33
   Compiling windows-future v0.2.1
   Compiling url v2.5.8
   Compiling dirs v6.0.0
   Compiling windows-numerics v0.2.0
   Compiling windows-collections v0.2.0
   Compiling windows v0.61.3
   Compiling futures-channel v0.3.33
   Compiling urlpattern v0.3.0
   Compiling time-macros v0.2.32
   Compiling getrandom v0.2.17
   Compiling simd-adler32 v0.3.10
   Compiling raw-window-handle v0.6.2
   Compiling tauri-utils v2.9.3
   Compiling toml v0.9.12+spec-1.1.0
   Compiling typenum v1.20.1
   Compiling tracing-core v0.1.36
   Compiling winreg v0.55.0
   Compiling dpi v0.1.2
   Compiling futures-macro v0.3.33
   Compiling embed-resource v3.0.11
   Compiling cargo_toml v0.22.3
   Compiling webview2-com-sys v0.38.2
   Compiling tauri-winres v0.3.6
   Compiling slab v0.4.12
   Compiling adler2 v2.0.1
   Compiling futures-task v0.3.33
   Compiling futures-io v0.3.33
   Compiling miniz_oxide v0.8.9
   Compiling futures-util v0.3.33
   Compiling tracing v0.1.44
   Compiling cookie v0.18.1
   Compiling unicode-segmentation v1.13.3
   Compiling flate2 v1.1.9
   Compiling crypto-common v0.1.7
   Compiling block-buffer v0.10.4
   Compiling fdeflate v0.3.7
   Compiling crossbeam-channel v0.5.16
   Compiling webview2-com-macros v0.8.1
   Compiling ring v0.17.14
   Compiling num-traits v0.2.19
   Compiling windows-version v0.1.7
   Compiling bitflags v1.3.2
   Compiling httparse v1.10.1
   Compiling windows_x86_64_msvc v0.53.1
   Compiling png v0.17.16
   Compiling digest v0.10.7
   Compiling wry v0.55.1
   Compiling cpufeatures v0.2.17
   Compiling zerocopy v0.8.55
   Compiling tauri-runtime v2.11.3
   Compiling tauri-build v2.6.3
   Compiling tauri-plugin v2.6.3
   Compiling zeroize v1.9.0
   Compiling rustls-pki-types v1.15.1
   Compiling sha2 v0.10.9
   Compiling ico v0.5.0
   Compiling keyboard-types v0.7.0
   Compiling http-body v1.1.0
   Compiling untrusted v0.9.0
   Compiling tauri-runtime-wry v2.11.4
   Compiling getrandom v0.3.4
   Compiling crossbeam-epoch v0.9.20
   Compiling windows-targets v0.53.5
   Compiling tauri-codegen v2.6.3
   Compiling muda v0.19.3
   Compiling softbuffer v0.4.8
   Compiling serialize-to-javascript-impl v0.1.2
   Compiling crossbeam-deque v0.8.7
   Compiling rustls v0.23.43
   Compiling tower-service v0.3.3
   Compiling try-lock v0.2.5
   Compiling want v0.3.1
   Compiling tray-icon v0.24.2
   Compiling serialize-to-javascript v0.1.2
   Compiling rustls-webpki v0.103.13
   Compiling windows-sys v0.60.2
   Compiling rand_core v0.6.4
   Compiling serde_repr v0.1.21
   Compiling atomic-waker v1.1.2
   Compiling rayon-core v1.13.0
   Compiling mime v0.3.17
   Compiling winapi v0.3.9
   Compiling pxfm v0.1.30
   Compiling window-vibrancy v0.6.0
   Compiling subtle v2.6.1
   Compiling http-range v0.1.5
   Compiling hyper v1.11.0
   Compiling png v0.18.1
   Compiling windows-result v0.1.2
   Compiling sync_wrapper v1.0.2
   Compiling windows-implement v0.57.0
   Compiling windows-interface v0.57.0
   Compiling ppv-lite86 v0.2.21
   Compiling byteorder-lite v0.1.0
   Compiling rand_chacha v0.3.1
   Compiling tower-layer v0.3.3
   Compiling bytemuck v1.25.2
   Compiling ntapi v0.4.3
   Compiling rfd v0.16.0
   Compiling error-code v3.3.2
   Compiling ipnet v2.12.1
   Compiling sha1 v0.10.7
   Compiling clipboard-win v5.4.1
   Compiling hyper-util v0.1.20
   Compiling rand v0.8.7
   Compiling windows-core v0.57.0
   Compiling tower v0.5.3
   Compiling moxcms v0.8.1
   Compiling webpki-roots v1.0.9
   Compiling futures-executor v0.3.33
   Compiling ryu v1.0.23
   Compiling either v1.17.0
   Compiling data-encoding v2.11.1
   Compiling utf-8 v0.7.6
   Compiling rayon v1.12.0
   Compiling serde_urlencoded v0.7.1
   Compiling tungstenite v0.24.0
   Compiling tokio-rustls v0.26.4
   Compiling futures v0.3.33
   Compiling windows v0.57.0
   Compiling hyper-rustls v0.27.9
   Compiling tower-http v0.6.11
   Compiling chrono v0.4.45
   Compiling http-body-util v0.1.4
   Compiling tokio-util v0.7.19
   Compiling tauri v2.11.5
   Compiling tauri-plugin-fs v2.5.1
   Compiling tauri-macros v2.6.3
   Compiling tauri-plugin-clipboard-manager v2.3.2
   Compiling tauri-plugin-dialog v2.7.2
   Compiling image v0.25.10
   Compiling floating-workspace v0.1.0 (D:\AI_workstasion\src-tauri)
   Compiling reqwest v0.12.28
   Compiling tokio-tungstenite v0.24.0
   Compiling arboard v3.6.1
   Compiling tao v0.35.3
   Compiling wmi v0.18.4
   Compiling webview2-com v0.38.2
   Compiling sysinfo v0.33.1
warning: unused import: `PROCESS_ACCESS_RIGHTS`
   --> src\lib.rs:225:69
    |
225 |         GetCurrentProcessId, OpenProcess, SetProcessWorkingSetSize, PROCESS_ACCESS_RIGHTS,
    |                                                                     ^^^^^^^^^^^^^^^^^^^^^
    |
    = note: `#[warn(unused_imports)]` (part of `#[warn(unused)]`) on by default

warning: unused import: `StreamExt`
    --> src\lib.rs:1038:33
     |
1038 |     use futures_util::{SinkExt, StreamExt};
     |                                 ^^^^^^^^^

warning: unused import: `HICON`
    --> src\lib.rs:1506:58
     |
1506 |         DestroyIcon, DrawIconEx, GetIconInfo, DI_NORMAL, HICON, ICONINFO,
     |                                                          ^^^^^

warning: unused import: `SinkExt`
    --> src\lib.rs:1038:24
     |
1038 |     use futures_util::{SinkExt, StreamExt};
     |                        ^^^^^^^

warning: unused `BOOL` that must be used
    --> src\lib.rs:1544:21
     |
1544 |                     DeleteDC(dc);
     |                     ^^^^^^^^^^^^
     |
     = note: `#[warn(unused_must_use)]` (part of `#[warn(unused)]`) on by default
help: use `let _ = ...` to ignore the resulting value
     |
1544 |                     let _ = DeleteDC(dc);
     |                     +++++++

warning: unused `Result` that must be used
    --> src\lib.rs:1547:21
     |
1547 |                     DestroyIcon(icon);
     |                     ^^^^^^^^^^^^^^^^^
     |
     = note: this `Result` may be an `Err` variant, which should be handled
help: use `let _ = ...` to ignore the resulting value
     |
1547 |                     let _ = DestroyIcon(icon);
     |                     +++++++

warning: unused `BOOL` that must be used
    --> src\lib.rs:1573:13
     |
1573 |             DeleteDC(dc);
     |             ^^^^^^^^^^^^
     |
help: use `let _ = ...` to ignore the resulting value
     |
1573 |             let _ = DeleteDC(dc);
     |             +++++++

warning: unused `Result` that must be used
    --> src\lib.rs:1574:13
     |
1574 |             DestroyIcon(icon);
     |             ^^^^^^^^^^^^^^^^^
     |
     = note: this `Result` may be an `Err` variant, which should be handled
help: use `let _ = ...` to ignore the resulting value
     |
1574 |             let _ = DestroyIcon(icon);
     |             +++++++

warning: unused `Result` that must be used
    --> src\lib.rs:1577:13
     |
1577 |             DestroyIcon(icon);
     |             ^^^^^^^^^^^^^^^^^
     |
     = note: this `Result` may be an `Err` variant, which should be handled
help: use `let _ = ...` to ignore the resulting value
     |
1577 |             let _ = DestroyIcon(icon);
     |             +++++++

warning: `floating-workspace` (lib) generated 9 warnings (run `cargo fix --lib -p floating-workspace` to apply 3 suggestions)
    Finished `release` profile [optimized] target(s) in 4m 36s
       Built application at: D:\AI_workstasion\src-tauri\target\release\floating-workspace.exe
        Info Patching D:\AI_workstasion\src-tauri\target\release\floating-workspace.exe with bundle type information: nsis
        Info Target: x64
     Running makensis to produce D:\AI_workstasion\src-tauri\target\release\bundle\nsis\GlassWorkspace_0.1.0_x64-setup.exe
        Info Patching D:\AI_workstasion\src-tauri\target\release\floating-workspace.exe with bundle type information: msi
        Info Target: x64
     Running candle for "D:\\AI_workstasion\\src-tauri\\target\\release\\wix\\x64\\main.wxs"
     Running light to produce D:\AI_workstasion\src-tauri\target\release\bundle\msi\GlassWorkspace_0.1.0_x64_en-US.msi
    Finished 2 bundles at:
        D:\AI_workstasion\src-tauri\target\release\bundle\nsis\GlassWorkspace_0.1.0_x64-setup.exe
        D:\AI_workstasion\src-tauri\target\release\bundle\msi\GlassWorkspace_0.1.0_x64_en-US.msi

